  Game.cpp
C:\Users\VWX40C1\Desktop\Coding\C++\Battleships\Game.cpp(76,62): warning C4244: "Argument": Konvertierung von "double" in "int", möglicher Datenverlust
C:\Users\VWX40C1\Desktop\Coding\C++\Battleships\Game.cpp(76,42): warning C4244: "Argument": Konvertierung von "double" in "int", möglicher Datenverlust
C:\Users\VWX40C1\Desktop\Coding\C++\Battleships\Game.cpp(78,51): warning C4244: "Argument": Konvertierung von "double" in "int", möglicher Datenverlust
C:\Users\VWX40C1\Desktop\Coding\C++\Battleships\Game.cpp(80,51): warning C4244: "Argument": Konvertierung von "double" in "int", möglicher Datenverlust
C:\Users\VWX40C1\Desktop\Coding\C++\Battleships\Game.cpp(85,55): warning C4244: "Argument": Konvertierung von "double" in "int", möglicher Datenverlust
C:\Users\VWX40C1\Desktop\Coding\C++\Battleships\Game.cpp(97,62): warning C4244: "Argument": Konvertierung von "double" in "int", möglicher Datenverlust
C:\Users\VWX40C1\Desktop\Coding\C++\Battleships\Game.cpp(97,42): warning C4244: "Argument": Konvertierung von "double" in "int", möglicher Datenverlust
C:\Users\VWX40C1\Desktop\Coding\C++\Battleships\Game.cpp(104,51): warning C4244: "Argument": Konvertierung von "double" in "int", möglicher Datenverlust
C:\Users\VWX40C1\Desktop\Coding\C++\Battleships\Game.cpp(106,51): warning C4244: "Argument": Konvertierung von "double" in "int", möglicher Datenverlust
C:\Users\VWX40C1\Desktop\Coding\C++\Battleships\Game.cpp(108,51): warning C4244: "Argument": Konvertierung von "double" in "int", möglicher Datenverlust
C:\Users\VWX40C1\Desktop\Coding\C++\Battleships\Game.cpp(111,19): warning C4804: "<": unsichere Verwendung des Typs "bool" in einer Operation
C:\Users\VWX40C1\Desktop\Coding\C++\Battleships\Game.cpp(119,55): warning C4244: "Argument": Konvertierung von "double" in "int", möglicher Datenverlust
C:\Users\VWX40C1\Desktop\Coding\C++\Battleships\Game.cpp(129,62): warning C4244: "Argument": Konvertierung von "double" in "int", möglicher Datenverlust
C:\Users\VWX40C1\Desktop\Coding\C++\Battleships\Game.cpp(129,42): warning C4244: "Argument": Konvertierung von "double" in "int", möglicher Datenverlust
C:\Users\VWX40C1\Desktop\Coding\C++\Battleships\Game.cpp(131,51): warning C4244: "Argument": Konvertierung von "double" in "int", möglicher Datenverlust
C:\Users\VWX40C1\Desktop\Coding\C++\Battleships\Game.cpp(133,51): warning C4244: "Argument": Konvertierung von "double" in "int", möglicher Datenverlust
C:\Users\VWX40C1\Desktop\Coding\C++\Battleships\Game.cpp(150,62): warning C4244: "Argument": Konvertierung von "double" in "int", möglicher Datenverlust
C:\Users\VWX40C1\Desktop\Coding\C++\Battleships\Game.cpp(150,42): warning C4244: "Argument": Konvertierung von "double" in "int", möglicher Datenverlust
C:\Users\VWX40C1\Desktop\Coding\C++\Battleships\Game.cpp(157,51): warning C4244: "Argument": Konvertierung von "double" in "int", möglicher Datenverlust
C:\Users\VWX40C1\Desktop\Coding\C++\Battleships\Game.cpp(159,51): warning C4244: "Argument": Konvertierung von "double" in "int", möglicher Datenverlust
C:\Users\VWX40C1\Desktop\Coding\C++\Battleships\Game.cpp(161,51): warning C4244: "Argument": Konvertierung von "double" in "int", möglicher Datenverlust
C:\Users\VWX40C1\Desktop\Coding\C++\Battleships\Game.cpp(172,54): warning C4244: "Argument": Konvertierung von "double" in "int", möglicher Datenverlust
C:\Users\VWX40C1\Desktop\Coding\C++\Battleships\Game.cpp(219,15): warning C4244: "Argument": Konvertierung von "time_t" in "unsigned int", möglicher Datenverlust
C:\Users\VWX40C1\Desktop\Coding\C++\Battleships\Game.cpp(225,55): warning C4244: "Argument": Konvertierung von "double" in "int", möglicher Datenverlust
C:\Users\VWX40C1\Desktop\Coding\C++\Battleships\Game.cpp(225,34): warning C4244: "Argument": Konvertierung von "double" in "int", möglicher Datenverlust
C:\Users\VWX40C1\Desktop\Coding\C++\Battleships\Game.cpp(230,67): warning C4244: "Argument": Konvertierung von "double" in "int", möglicher Datenverlust
C:\Users\VWX40C1\Desktop\Coding\C++\Battleships\Game.cpp(230,45): warning C4244: "Argument": Konvertierung von "double" in "int", möglicher Datenverlust
C:\Users\VWX40C1\Desktop\Coding\C++\Battleships\Game.cpp(257,58): warning C4244: "Argument": Konvertierung von "double" in "int", möglicher Datenverlust
C:\Users\VWX40C1\Desktop\Coding\C++\Battleships\Game.cpp(257,38): warning C4244: "Argument": Konvertierung von "double" in "int", möglicher Datenverlust
C:\Users\VWX40C1\Desktop\Coding\C++\Battleships\Game.cpp(289,74): warning C4244: "Argument": Konvertierung von "double" in "int", möglicher Datenverlust
C:\Users\VWX40C1\Desktop\Coding\C++\Battleships\Game.cpp(289,54): warning C4244: "Argument": Konvertierung von "double" in "int", möglicher Datenverlust
C:\Users\VWX40C1\Desktop\Coding\C++\Battleships\Game.cpp(314,84): warning C4244: "Argument": Konvertierung von "double" in "int", möglicher Datenverlust
C:\Users\VWX40C1\Desktop\Coding\C++\Battleships\Game.cpp(314,58): warning C4244: "Argument": Konvertierung von "double" in "int", möglicher Datenverlust
C:\Users\VWX40C1\Desktop\Coding\C++\Battleships\Game.cpp(348,78): warning C4244: "Argument": Konvertierung von "double" in "int", möglicher Datenverlust
C:\Users\VWX40C1\Desktop\Coding\C++\Battleships\Game.cpp(348,58): warning C4244: "Argument": Konvertierung von "double" in "int", möglicher Datenverlust
C:\Users\VWX40C1\Desktop\Coding\C++\Battleships\Game.cpp(359,88): warning C4244: "Argument": Konvertierung von "double" in "int", möglicher Datenverlust
C:\Users\VWX40C1\Desktop\Coding\C++\Battleships\Game.cpp(359,62): warning C4244: "Argument": Konvertierung von "double" in "int", möglicher Datenverlust
C:\Users\VWX40C1\Desktop\Coding\C++\Battleships\Game.cpp(389,58): warning C4244: "Argument": Konvertierung von "double" in "int", möglicher Datenverlust
C:\Users\VWX40C1\Desktop\Coding\C++\Battleships\Game.cpp(389,38): warning C4244: "Argument": Konvertierung von "double" in "int", möglicher Datenverlust
C:\Users\VWX40C1\Desktop\Coding\C++\Battleships\Game.cpp(397,60): warning C4244: "Argument": Konvertierung von "double" in "int", möglicher Datenverlust
C:\Users\VWX40C1\Desktop\Coding\C++\Battleships\Game.cpp(397,34): warning C4244: "Argument": Konvertierung von "double" in "int", möglicher Datenverlust
C:\Users\VWX40C1\Desktop\Coding\C++\Battleships\Game.cpp(399,43): warning C4244: "Argument": Konvertierung von "double" in "int", möglicher Datenverlust
C:\Users\VWX40C1\Desktop\Coding\C++\Battleships\Game.cpp(402,48): warning C4244: "Argument": Konvertierung von "double" in "int", möglicher Datenverlust
  Battleships.vcxproj -> C:\Users\VWX40C1\Desktop\Coding\C++\Battleships\x64\Debug\Battleships.exe
